SQL> select * from dept;

    DEPTNO DNAME                        LOC                                                                             
---------- ---------------------------- --------------------------                                                      
        10 ACCOUNTING                   NEW YORK                                                                        
        20 RESEARCH                     DALLAS                                                                          
        30 SALES                        CHICAGO                                                                         
        40 OPERATIONS                   BOSTON                                                                          

SQL> insert into dept values ('test','test','test');
insert into dept values ('test','test','test')
                         *
1행에 오류:
ORA-01722: 수치가 부적합합니다 


SQL> desc dept;
 이름                                                              널?      유형
 ----------------------------------------------------------------- -------- --------------------------------------------
 DEPTNO                                                            NOT NULL NUMBER(2)
 DNAME                                                                      VARCHAR2(14)
 LOC                                                                        VARCHAR2(13)

SQL> insert into dept values (70,'testtesttesttesttesttesttest','test');
insert into dept values (70,'testtesttesttesttesttesttest','test')
                            *
1행에 오류:
ORA-12899: "SCOTT"."DEPT"."DNAME" 열에 대한 값이 너무 큼(실제: 28, 최대값: 14) 


SQL>  desc emp;
 이름                                                              널?      유형
 ----------------------------------------------------------------- -------- --------------------------------------------
 EMPNO                                                             NOT NULL NUMBER(4)
 ENAME                                                                      VARCHAR2(10)
 JOB                                                                        VARCHAR2(9)
 MGR                                                                        NUMBER(4)
 HIREDATE                                                                   DATE
 SAL                                                                        NUMBER(7,2)
 COMM                                                                       NUMBER(7,2)
 DEPTNO                                                                     NUMBER(2)

SQL> edit ex08.sql

SQL> @ex08.sql

테이블이 생성되었습니다.

SQL> insert into ex08 values (1, 'test1');

1 개의 행이 만들어졌습니다.

SQL> select * from ex08;

       NUM NAME                                                                                                         
---------- --------------------                                                                                         
         1 test1                                                                                                        

SQL> insert into ex08 values (2, 'aaaaaaaa');

1 개의 행이 만들어졌습니다.

SQL> insert into ex08 values (2, '한글은더길어');
insert into ex08 values (2, '한글은더길어')
                            *
1행에 오류:
ORA-12899: "SCOTT"."EX08"."NAME" 열에 대한 값이 너무 큼(실제: 18, 최대값: 10) 


SQL> insert into ex08 values (2, '한글은길어');
insert into ex08 values (2, '한글은길어')
                            *
1행에 오류:
ORA-12899: "SCOTT"."EX08"."NAME" 열에 대한 값이 너무 큼(실제: 15, 최대값: 10) 


SQL> insert into ex08 values (2, '한글길어');
insert into ex08 values (2, '한글길어')
                            *
1행에 오류:
ORA-12899: "SCOTT"."EX08"."NAME" 열에 대한 값이 너무 큼(실제: 12, 최대값: 10) 


SQL> insert into ex08 values (2, '한글은?');

1 개의 행이 만들어졌습니다.

SQL> select * from ex08;

       NUM NAME                                                                                                         
---------- --------------------                                                                                         
         1 test1                                                                                                        
         2 aaaaaaaa                                                                                                     
         2 한글은?                                                                                                      

SQL> edit ex09.sql

SQL> @ex09.sql

테이블이 생성되었습니다.

SQL> insert into ex09 values(1, 111, 111.1);

1 개의 행이 만들어졌습니다.

SQL> select * from ex09;

      NUM1       NUM2       NUM3                                                                                        
---------- ---------- ----------                                                                                        
         1        111      111.1                                                                                        

SQL> insert into ex09 values(2, 2, 2);

1 개의 행이 만들어졌습니다.

SQL> select * from ex09;

      NUM1       NUM2       NUM3                                                                                        
---------- ---------- ----------                                                                                        
         1        111      111.1                                                                                        
         2          2          2                                                                                        

SQL> insert into ex09 values(2, 222.2, 2);

1 개의 행이 만들어졌습니다.

SQL> select * from ex09;

      NUM1       NUM2       NUM3                                                                                        
---------- ---------- ----------                                                                                        
         1        111      111.1                                                                                        
         2          2          2                                                                                        
         2        222          2                                                                                        

SQL> insert into ex09 values(2, 222.2, 222.22);

1 개의 행이 만들어졌습니다.

SQL> select * from ex09;

      NUM1       NUM2       NUM3                                                                                        
---------- ---------- ----------                                                                                        
         1        111      111.1                                                                                        
         2          2          2                                                                                        
         2        222          2                                                                                        
         2        222     222.22                                                                                        

SQL> insert into ex09 values(2, 222.2, 2222.22);
insert into ex09 values(2, 222.2, 2222.22)
                                  *
1행에 오류:
ORA-01438: 이 열에 대해 지정된 전체 자릿수보다 큰 값이 허용됩니다. 


SQL> insert into ex09 values(2, 222.2, 2222.2);
insert into ex09 values(2, 222.2, 2222.2)
                                  *
1행에 오류:
ORA-01438: 이 열에 대해 지정된 전체 자릿수보다 큰 값이 허용됩니다. 


SQL> insert into ex09 values(2, 222.2, 222.266);

1 개의 행이 만들어졌습니다.

SQL> select * from ex09;

      NUM1       NUM2       NUM3                                                                                        
---------- ---------- ----------                                                                                        
         1        111      111.1                                                                                        
         2          2          2                                                                                        
         2        222          2                                                                                        
         2        222     222.22                                                                                        
         2        222     222.27                                                                                        

SQL> spool off
