SQL> select 1+2+3+4+5 from dept;

 1+2+3+4+5                                                                                                              
----------                                                                                                              
        15                                                                                                              
        15                                                                                                              
        15                                                                                                              
        15                                                                                                              

SQL> select '출력' from dept;

'출력'                                                                                                                  
------------                                                                                                            
출력                                                                                                                    
출력                                                                                                                    
출력                                                                                                                    
출력                                                                                                                    

SQL> create table ex10(num number);

테이블이 생성되었습니다.

SQL> insert into ex10 values (0);

1 개의 행이 만들어졌습니다.

SQL> select 1+2+3+4+5 from ex10;

 1+2+3+4+5                                                                                                              
----------                                                                                                              
        15                                                                                                              

SQL> select * from dual;

DU                                                                                                                      
--                                                                                                                      
X                                                                                                                       

SQL> select 1+2+3+4+5 from dual;

 1+2+3+4+5                                                                                                              
----------                                                                                                              
        15                                                                                                              

SQL>  select '문자'+'열' from dual;
 select '문자'+'열' from dual
        *
1행에 오류:
ORA-01722: 수치가 부적합합니다 


SQL>  select '문자'||'열' from dual;

'문자'||'열'                                                                                                            
------------------                                                                                                      
문자열                                                                                                                  

SQL> select dname||'부서는 '||loc||'에 위치합니다' from dept;

DNAME||'부서는'||LOC||'에위치합니다'                                                                                    
----------------------------------------------------------------------------------------------------------------        
ACCOUNTING부서는 NEW YORK에 위치합니다                                                                                  
RESEARCH부서는 DALLAS에 위치합니다                                                                                      
SALES부서는 CHICAGO에 위치합니다                                                                                        
OPERATIONS부서는 BOSTON에 위치합니다                                                                                    

SQL> select lower ('ABCabc') from dual;

LOWER('ABCAB                                                                                                            
------------                                                                                                            
abcabc                                                                                                                  

SQL> select upper ('ABCabc') from dual;

UPPER('ABCAB                                                                                                            
------------                                                                                                            
ABCABC                                                                                                                  

SQL> select initcap ('ABCabc') from dual;

INITCAP('ABC                                                                                                            
------------                                                                                                            
Abcabc                                                                                                                  

SQL> select initcap ('iamfather') from dual;

INITCAP('IAMFATHER                                                                                                      
------------------                                                                                                      
Iamfather                                                                                                               

SQL> select concat('문자','열') from dual;

CONCAT('문자','열'                                                                                                      
------------------                                                                                                      
문자열                                                                                                                  

SQL> select length('abc') from dual;

LENGTH('ABC')                                                                                                           
-------------                                                                                                           
            3                                                                                                           

SQL> select length('문자열') from dual;

LENGTH('문자열')                                                                                                        
----------------                                                                                                        
               3                                                                                                        

SQL> select lengthb('문자열') from dual;

LENGTHB('문자열')                                                                                                       
-----------------                                                                                                       
                9                                                                                                       

SQL> select lengthb('abc') from dual;

LENGTHB('ABC')                                                                                                          
--------------                                                                                                          
             3                                                                                                          

SQL> select substr('abcdefg', 2) from dual;

SUBSTR('ABCD                                                                                                            
------------                                                                                                            
bcdefg                                                                                                                  

SQL> select substr('abcdefg', 4,6) from dual;

SUBSTR('                                                                                                                
--------                                                                                                                
defg                                                                                                                    

SQL> select substr('abcdefg', 4,2) from dual;

SUBS                                                                                                                    
----                                                                                                                    
de                                                                                                                      

SQL> select substrb('abcdefg', 4,6) from dual;

SUBSTRB(                                                                                                                
--------                                                                                                                
defg                                                                                                                    

SQL> select substrb('한글도잘나옴', 4, 2) from dual;

SUBS                                                                                                                    
----                                                                                                                    
                                                                                                                        

SQL> select substr('한글도잘나옴', 4, 2) from dual;

SUBSTR('한글                                                                                                            
------------                                                                                                            
잘나                                                                                                                    

SQL> select substrb('한글도잘나옴', 10, 6) from dual;

SUBSTRB('한                                                                                                             
------------                                                                                                            
잘나                                                                                                                    

SQL> select instr('abcdefg', c) from dual;
select instr('abcdefg', c) from dual
                        *
1행에 오류:
ORA-00904: "C": 부적합한 식별자 


SQL> select instr('abcdefg', 'c') from dual;

INSTR('ABCDEFG','C')                                                                                                    
--------------------                                                                                                    
                   3                                                                                                    

SQL> select instrb('abcdefg', 'c') from dual;

INSTRB('ABCDEFG','C')                                                                                                   
---------------------                                                                                                   
                    3                                                                                                   

SQL> select instr('한글도잘나옴', '잘') from dual;

INSTR('한글도잘나옴','잘')                                                                                              
--------------------------                                                                                              
                         4                                                                                              

SQL> select instrb('한글도잘나옴', '잘') from dual;

INSTRB('한글도잘나옴','잘')                                                                                             
---------------------------                                                                                             
                         10                                                                                             

SQL> select lpad(' abc ',8,'#') from dual;

LPAD('ABC',8,'#'                                                                                                        
----------------                                                                                                        
### abc                                                                                                                 

SQL> select rpad(' abc ',8,'#') from dual;

RPAD('ABC',8,'#'                                                                                                        
----------------                                                                                                        
 abc ###                                                                                                                

SQL> select trim(' abc ') from dual;

TRIM('                                                                                                                  
------                                                                                                                  
abc                                                                                                                     

SQL> select trim(' abc ')||'#' from dual;

TRIM('AB                                                                                                                
--------                                                                                                                
abc#                                                                                                                    

SQL> select trim('a' from 'aaaaaaaabaaaaaa') from dual;

TR                                                                                                                      
--                                                                                                                      
b                                                                                                                       

SQL> select replace ('abcdefg', 'cd', 'CD') from dual;

REPLACE('ABCDE                                                                                                          
--------------                                                                                                          
abCDefg                                                                                                                 

SQL> select floor(3.14) from dual;

FLOOR(3.14)                                                                                                             
-----------                                                                                                             
          3                                                                                                             

SQL> select round(3.14) from dual;

ROUND(3.14)                                                                                                             
-----------                                                                                                             
          3                                                                                                             

SQL> select round(3.54) from dual;

ROUND(3.54)                                                                                                             
-----------                                                                                                             
          4                                                                                                             

SQL>  select trunc(12345.12345, 1)from dual;

TRUNC(12345.12345,1)                                                                                                    
--------------------                                                                                                    
             12345.1                                                                                                    

SQL>  select trunc(12345.12345, 3)from dual;

TRUNC(12345.12345,3)                                                                                                    
--------------------                                                                                                    
           12345.123                                                                                                    

SQL>  select trunc(12345.12345, -3)from dual;

TRUNC(12345.12345,-3)                                                                                                   
---------------------                                                                                                   
                12000                                                                                                   

SQL>  select trunc(12345.12345, -1)from dual;

TRUNC(12345.12345,-1)                                                                                                   
---------------------                                                                                                   
                12340                                                                                                   

SQL>  select trunc(12345.12345, 0)from dual;

TRUNC(12345.12345,0)                                                                                                    
--------------------                                                                                                    
               12345                                                                                                    

SQL> select 5/2 from dual;

       5/2                                                                                                              
----------                                                                                                              
       2.5                                                                                                              

SQL> select 4/2 from dual;

       4/2                                                                                                              
----------                                                                                                              
         2                                                                                                              

SQL> select floor(5/2) from dual;

FLOOR(5/2)                                                                                                              
----------                                                                                                              
         2                                                                                                              

SQL> select floor(5/2). mod(5,2) from dual;
select floor(5/2). mod(5,2) from dual
                   *
1행에 오류:
ORA-22806: 객체 또는 REF가 아닙니다 


SQL> select floor(5/2), mod(5,2) from dual;

FLOOR(5/2)   MOD(5,2)                                                                                                   
---------- ----------                                                                                                   
         2          1                                                                                                   

SQL> select sysdate from dual;

SYSDATE                                                                                                                 
--------                                                                                                                
20/06/23                                                                                                                

SQL> select ename, hiredate from emp;ysdate from dual;
select ename, hiredate from emp;ysdate from dual
                               *
1행에 오류:
ORA-00911: 문자가 부적합합니다 


SQL> select ename, hiredate from emp;

ENAME      HIREDATE                                                                                                     
---------- --------                                                                                                     
SMITH      80/12/17                                                                                                     
ALLEN      81/02/20                                                                                                     
WARD       81/02/22                                                                                                     
JONES      81/04/02                                                                                                     
MARTIN     81/09/28                                                                                                     
BLAKE      81/05/01                                                                                                     
CLARK      81/06/09                                                                                                     
SCOTT      87/04/19                                                                                                     
KING       81/11/17                                                                                                     
TURNER     81/09/08                                                                                                     
ADAMS      87/05/23                                                                                                     
JAMES      81/12/03                                                                                                     
FORD       81/12/03                                                                                                     
MILLER     82/01/23                                                                                                     

14 개의 행이 선택되었습니다.

SQL> select ename, hiredate, months_between(sysdate, hiredate) from emp;

ENAME      HIREDATE MONTHS_BETWEEN(SYSDATE,HIREDATE)                                                                    
---------- -------- --------------------------------                                                                    
SMITH      80/12/17                       474.210433                                                                    
ALLEN      81/02/20                       472.113659                                                                    
WARD       81/02/22                       472.049143                                                                    
JONES      81/04/02                       470.694304                                                                    
MARTIN     81/09/28                       464.855594                                                                    
BLAKE      81/05/01                       469.726562                                                                    
CLARK      81/06/09                       468.468498                                                                    
SCOTT      87/04/19                       398.145917                                                                    
KING       81/11/17                       463.210433                                                                    
TURNER     81/09/08                       465.500756                                                                    
ADAMS      87/05/23                              397                                                                    
JAMES      81/12/03                       462.662046                                                                    
FORD       81/12/03                       462.662046                                                                    
MILLER     82/01/23                              461                                                                    

14 개의 행이 선택되었습니다.

SQL> select ename, hiredate, floor(months_between(sysdate, hiredate)) from emp;

ENAME      HIREDATE FLOOR(MONTHS_BETWEEN(SYSDATE,HIREDATE))                                                             
---------- -------- ---------------------------------------                                                             
SMITH      80/12/17                                     474                                                             
ALLEN      81/02/20                                     472                                                             
WARD       81/02/22                                     472                                                             
JONES      81/04/02                                     470                                                             
MARTIN     81/09/28                                     464                                                             
BLAKE      81/05/01                                     469                                                             
CLARK      81/06/09                                     468                                                             
SCOTT      87/04/19                                     398                                                             
KING       81/11/17                                     463                                                             
TURNER     81/09/08                                     465                                                             
ADAMS      87/05/23                                     397                                                             
JAMES      81/12/03                                     462                                                             
FORD       81/12/03                                     462                                                             
MILLER     82/01/23                                     461                                                             

14 개의 행이 선택되었습니다.

SQL> select ename, hiredate, floor(months_between(sysdate, hiredate))/12 as 'years' from emp;
select ename, hiredate, floor(months_between(sysdate, hiredate))/12 as 'years' from emp
                                                                       *
1행에 오류:
ORA-00923: FROM 키워드가 필요한 위치에 없습니다. 


SQL> select ename, hiredate, floor(months_between(sysdate, hiredate))/12 as "years" from emp;

ENAME      HIREDATE      years                                                                                          
---------- -------- ----------                                                                                          
SMITH      80/12/17       39.5                                                                                          
ALLEN      81/02/20 39.3333333                                                                                          
WARD       81/02/22 39.3333333                                                                                          
JONES      81/04/02 39.1666667                                                                                          
MARTIN     81/09/28 38.6666667                                                                                          
BLAKE      81/05/01 39.0833333                                                                                          
CLARK      81/06/09         39                                                                                          
SCOTT      87/04/19 33.1666667                                                                                          
KING       81/11/17 38.5833333                                                                                          
TURNER     81/09/08      38.75                                                                                          
ADAMS      87/05/23 33.0833333                                                                                          
JAMES      81/12/03       38.5                                                                                          
FORD       81/12/03       38.5                                                                                          
MILLER     82/01/23 38.4166667                                                                                          

14 개의 행이 선택되었습니다.

SQL> select ename, hiredate, floor(months_between(sysdate, hiredate)/12) as "years" from emp;

ENAME      HIREDATE      years                                                                                          
---------- -------- ----------                                                                                          
SMITH      80/12/17         39                                                                                          
ALLEN      81/02/20         39                                                                                          
WARD       81/02/22         39                                                                                          
JONES      81/04/02         39                                                                                          
MARTIN     81/09/28         38                                                                                          
BLAKE      81/05/01         39                                                                                          
CLARK      81/06/09         39                                                                                          
SCOTT      87/04/19         33                                                                                          
KING       81/11/17         38                                                                                          
TURNER     81/09/08         38                                                                                          
ADAMS      87/05/23         33                                                                                          
JAMES      81/12/03         38                                                                                          
FORD       81/12/03         38                                                                                          
MILLER     82/01/23         38                                                                                          

14 개의 행이 선택되었습니다.

SQL> select ename, hiredate, add_months(hiredate, 12) from emp;

ENAME      HIREDATE ADD_MONT                                                                                            
---------- -------- --------                                                                                            
SMITH      80/12/17 81/12/17                                                                                            
ALLEN      81/02/20 82/02/20                                                                                            
WARD       81/02/22 82/02/22                                                                                            
JONES      81/04/02 82/04/02                                                                                            
MARTIN     81/09/28 82/09/28                                                                                            
BLAKE      81/05/01 82/05/01                                                                                            
CLARK      81/06/09 82/06/09                                                                                            
SCOTT      87/04/19 88/04/19                                                                                            
KING       81/11/17 82/11/17                                                                                            
TURNER     81/09/08 82/09/08                                                                                            
ADAMS      87/05/23 88/05/23                                                                                            
JAMES      81/12/03 82/12/03                                                                                            
FORD       81/12/03 82/12/03                                                                                            
MILLER     82/01/23 83/01/23                                                                                            

14 개의 행이 선택되었습니다.

SQL> select ename, floor((sysdate-hiredate)/365) from emp;

ENAME      FLOOR((SYSDATE-HIREDATE)/365)                                                                                
---------- -----------------------------                                                                                
SMITH                                 39                                                                                
ALLEN                                 39                                                                                
WARD                                  39                                                                                
JONES                                 39                                                                                
MARTIN                                38                                                                                
BLAKE                                 39                                                                                
CLARK                                 39                                                                                
SCOTT                                 33                                                                                
KING                                  38                                                                                
TURNER                                38                                                                                
ADAMS                                 33                                                                                
JAMES                                 38                                                                                
FORD                                  38                                                                                
MILLER                                38                                                                                

14 개의 행이 선택되었습니다.

SQL> select sysdate, next_day(sysdate, '수요일') from dual;

SYSDATE  NEXT_DAY                                                                                                       
-------- --------                                                                                                       
20/06/23 20/06/24                                                                                                       

SQL> select sysdate, next_day(sysdate, '금요일') from dual;

SYSDATE  NEXT_DAY                                                                                                       
-------- --------                                                                                                       
20/06/23 20/06/26                                                                                                       

SQL> select sysdate, next_day(sysdate, '월요일') from dual;

SYSDATE  NEXT_DAY                                                                                                       
-------- --------                                                                                                       
20/06/23 20/06/29                                                                                                       

SQL> select sysdate, next_day(sysdate) from dual;
select sysdate, next_day(sysdate) from dual
                *
1행에 오류:
ORA-00909: 인수의 개수가 부적합합니다 


SQL> select sysdate, last_day(sysdate) from dual;

SYSDATE  LAST_DAY                                                                                                       
-------- --------                                                                                                       
20/06/23 20/06/30                                                                                                       

SQL> select hiredate, last_day(hiredate) from emp;

HIREDATE LAST_DAY                                                                                                       
-------- --------                                                                                                       
80/12/17 80/12/31                                                                                                       
81/02/20 81/02/28                                                                                                       
81/02/22 81/02/28                                                                                                       
81/04/02 81/04/30                                                                                                       
81/09/28 81/09/30                                                                                                       
81/05/01 81/05/31                                                                                                       
81/06/09 81/06/30                                                                                                       
87/04/19 87/04/30                                                                                                       
81/11/17 81/11/30                                                                                                       
81/09/08 81/09/30                                                                                                       
87/05/23 87/05/31                                                                                                       
81/12/03 81/12/31                                                                                                       
81/12/03 81/12/31                                                                                                       
82/01/23 82/01/31                                                                                                       

14 개의 행이 선택되었습니다.

SQL> select sysdate, next_day(sysdate, 4) from dual;

SYSDATE  NEXT_DAY                                                                                                       
-------- --------                                                                                                       
20/06/23 20/06/24                                                                                                       

SQL> select round(sysdate) from dual;

ROUND(SY                                                                                                                
--------                                                                                                                
20/06/24                                                                                                                

SQL> select sysdate from dual;

SYSDATE                                                                                                                 
--------                                                                                                                
20/06/23                                                                                                                

SQL>  select trunc(sysdate) from dual;

TRUNC(SY                                                                                                                
--------                                                                                                                
20/06/23                                                                                                                

SQL>  select trunc(sysdate, yy) from dual;
 select trunc(sysdate, yy) from dual
                       *
1행에 오류:
ORA-00904: "YY": 부적합한 식별자 


SQL> select round(sysdate, 'MONTH') from dual;

ROUND(SY                                                                                                                
--------                                                                                                                
20/07/01                                                                                                                

SQL> select round(sysdate, 'MON') from dual;

ROUND(SY                                                                                                                
--------                                                                                                                
20/07/01                                                                                                                

SQL> select round(sysdate, 'MM') from dual;

ROUND(SY                                                                                                                
--------                                                                                                                
20/07/01                                                                                                                

SQL> select round(sysdate, 'RM') from dual;

ROUND(SY                                                                                                                
--------                                                                                                                
20/07/01                                                                                                                

SQL> select round(sysdate, 'YY') from dual;

ROUND(SY                                                                                                                
--------                                                                                                                
20/01/01                                                                                                                

SQL> select trunc(sysdate, 'YY') from dual;

TRUNC(SY                                                                                                                
--------                                                                                                                
20/01/01                                                                                                                

SQL> select trunc(sysdate, 'MM') from dual;

TRUNC(SY                                                                                                                
--------                                                                                                                
20/06/01                                                                                                                

SQL> select ename, sal, comm, sal+comm as 연봉 from emp;

ENAME             SAL       COMM       연봉                                                                             
---------- ---------- ---------- ----------                                                                             
SMITH             800                                                                                                   
ALLEN           1,600        300       1900                                                                             
WARD            1,250        500       1750                                                                             
JONES           2,975                                                                                                   
MARTIN          1,250       1400       2650                                                                             
BLAKE           2,850                                                                                                   
CLARK           2,450                                                                                                   
SCOTT           3,000                                                                                                   
KING            5,000                                                                                                   
TURNER          1,500          0       1500                                                                             
ADAMS           1,100                                                                                                   
JAMES             950                                                                                                   
FORD            3,000                                                                                                   
MILLER          1,300                                                                                                   

14 개의 행이 선택되었습니다.

SQL> select nvl(comm, 0) from emp;

NVL(COMM,0)                                                                                                             
-----------                                                                                                             
          0                                                                                                             
        300                                                                                                             
        500                                                                                                             
          0                                                                                                             
       1400                                                                                                             
          0                                                                                                             
          0                                                                                                             
          0                                                                                                             
          0                                                                                                             
          0                                                                                                             
          0                                                                                                             
          0                                                                                                             
          0                                                                                                             
          0                                                                                                             

14 개의 행이 선택되었습니다.

SQL> select ename, sal, comm, sal+nvl(comm,0) as 연봉 from emp;

ENAME             SAL       COMM       연봉                                                                             
---------- ---------- ---------- ----------                                                                             
SMITH             800                   800                                                                             
ALLEN           1,600        300       1900                                                                             
WARD            1,250        500       1750                                                                             
JONES           2,975                  2975                                                                             
MARTIN          1,250       1400       2650                                                                             
BLAKE           2,850                  2850                                                                             
CLARK           2,450                  2450                                                                             
SCOTT           3,000                  3000                                                                             
KING            5,000                  5000                                                                             
TURNER          1,500          0       1500                                                                             
ADAMS           1,100                  1100                                                                             
JAMES             950                   950                                                                             
FORD            3,000                  3000                                                                             
MILLER          1,300                  1300                                                                             

14 개의 행이 선택되었습니다.

SQL> select ename, deptno from emp;

ENAME          DEPTNO                                                                                                   
---------- ----------                                                                                                   
SMITH              20                                                                                                   
ALLEN              30                                                                                                   
WARD               30                                                                                                   
JONES              20                                                                                                   
MARTIN             30                                                                                                   
BLAKE              30                                                                                                   
CLARK              10                                                                                                   
SCOTT              20                                                                                                   
KING               10                                                                                                   
TURNER             30                                                                                                   
ADAMS              20                                                                                                   
JAMES              30                                                                                                   
FORD               20                                                                                                   
MILLER             10                                                                                                   

14 개의 행이 선택되었습니다.

SQL> select ename, decode (deptno, dept) from emp;
select ename, decode (deptno, dept) from emp
                              *
1행에 오류:
ORA-00904: "DEPT": 부적합한 식별자 


SQL> select ename, decode (deptno from dept) from emp;
select ename, decode (deptno from dept) from emp
                             *
1행에 오류:
ORA-00907: 누락된 우괄호 


SQL> select ename, decode (deptno, 10, 'accounting', 20, 'research', 30, 'sales', 40, 'operations') from emp;

ENAME      DECODE(DEPTNO,10,'AC                                                                                         
---------- --------------------                                                                                         
SMITH      research                                                                                                     
ALLEN      sales                                                                                                        
WARD       sales                                                                                                        
JONES      research                                                                                                     
MARTIN     sales                                                                                                        
BLAKE      sales                                                                                                        
CLARK      accounting                                                                                                   
SCOTT      research                                                                                                     
KING       accounting                                                                                                   
TURNER     sales                                                                                                        
ADAMS      research                                                                                                     
JAMES      sales                                                                                                        
FORD       research                                                                                                     
MILLER     accounting                                                                                                   

14 개의 행이 선택되었습니다.

SQL> select ename, decode (deptno, dname) from emp;
select ename, decode (deptno, dname) from emp
                              *
1행에 오류:
ORA-00904: "DNAME": 부적합한 식별자 


SQL> save ex11
file ex11.sql(이)가 생성되었습니다
SQL> @ex11

ENAME      CASEWHENDEPTNO=10T                                                                                           
---------- ------------------                                                                                           
SMITH      ？곌뎄                                                                                                       
ALLEN      ？                                                                                                       
WARD       ？                                                                                                       
JONES      ？곌뎄                                                                                                       
MARTIN     ？                                                                                                       
BLAKE      ？                                                                                                       
CLARK      ？怨                                                                                                       
SCOTT      ？곌뎄                                                                                                       
KING       ？怨                                                                                                       
TURNER     ？                                                                                                       
ADAMS      ？곌뎄                                                                                                       
JAMES      ？                                                                                                       
FORD       ？곌뎄                                                                                                       
MILLER     ？怨                                                                                                       

14 개의 행이 선택되었습니다.

SQL> @ex11.sql

ENAME      CASEWHENDEPTNO=10T                                                                                           
---------- ------------------                                                                                           
SMITH      ？곌뎄                                                                                                       
ALLEN      ？                                                                                                       
WARD       ？                                                                                                       
JONES      ？곌뎄                                                                                                       
MARTIN     ？                                                                                                       
BLAKE      ？                                                                                                       
CLARK      ？怨                                                                                                       
SCOTT      ？곌뎄                                                                                                       
KING       ？怨                                                                                                       
TURNER     ？                                                                                                       
ADAMS      ？곌뎄                                                                                                       
JAMES      ？                                                                                                       
FORD       ？곌뎄                                                                                                       
MILLER     ？怨                                                                                                       

14 개의 행이 선택되었습니다.

SQL> select ename,
